// Jest Snapshot v1, https://goo.gl/fbAQLP

exports[`nothing should happen if input 0 1`] = `
<div
  className="Slotmachine"
>
  <div
    className="ant-row"
    style={Object {}}
  >
    <div
      className="ant-col ant-col-12 ant-col-offset-6"
      style={Object {}}
    >
      <h1
        className="ant-typography"
        data-testid="slotmachine-h1"
        onClick={null}
        style={
          Object {
            "WebkitLineClamp": undefined,
          }
        }
      >
        Slotmachine
      </h1>
      <div
        className="pt-15"
        data-testid="balance"
      >
        <b>
          balance: 
           
        </b>
      </div>
      <form
        data-testid="bet-form"
        onSubmit={[Function]}
      >
        <div
          className="ant-space ant-space-horizontal ant-space-align-center"
          style={Object {}}
        >
          <div
            className="ant-space-item"
            style={
              Object {
                "marginRight": 8,
              }
            }
          >
            <label>
              min. bet amount 1 Credit
            </label>
          </div>
          <div
            className="ant-space-item"
            style={Object {}}
          >
            <input
              data-testid="bet-input"
              name="einsatz"
              type="number"
            />
          </div>
        </div>
        <div
          style={
            Object {
              "alignItems": "center",
              "textAlign": "center",
            }
          }
        >
          <h1
            className="animate__animated animate__bounce"
            style={
              Object {
                "fontSize": "100px",
                "letterSpacing": "1rem",
              }
            }
          >
            0
            0
            0
          </h1>
          <button
            className="ant-btn ant-btn-primary"
            onClick={[Function]}
            style={
              Object {
                "alignItems": "center",
              }
            }
            type="button"
          >
            <span>
              Spin
            </span>
          </button>
          <br />
          <div
            className="p-t10"
          >
            <div
              className="ant-space ant-space-vertical"
              style={Object {}}
            >
              <div
                className="ant-space-item"
                style={
                  Object {
                    "marginBottom": 8,
                  }
                }
              >
                <div
                  data-testid="msg"
                >
                  <p>
                    <b />
                  </p>
                </div>
              </div>
              <div
                className="ant-space-item"
                style={Object {}}
              >
                <div
                  className="ant-space ant-space-horizontal ant-space-align-center"
                  style={Object {}}
                >
                  <div
                    className="ant-space-item"
                    style={Object {}}
                  >
                    <div
                      className="ant-space ant-space-vertical"
                      style={Object {}}
                    >
                      <div
                        className="ant-space-item"
                        style={
                          Object {
                            "marginBottom": 8,
                          }
                        }
                      >
                        <label>
                          Anzahl an spins für den Autospin: 
                        </label>
                      </div>
                      <div
                        className="ant-space-item"
                        style={
                          Object {
                            "marginBottom": 8,
                          }
                        }
                      >
                        <input
                          name="anzahlSpins"
                          onChange={[Function]}
                          type="number"
                        />
                      </div>
                      <div
                        className="ant-space-item"
                        style={Object {}}
                      >
                        <button
                          className="ant-btn ant-btn-primary"
                          data-testid="play"
                          disabled={false}
                          onClick={[Function]}
                          type="submit"
                        >
                          <span>
                            Spin and go
                          </span>
                        </button>
                      </div>
                    </div>
                  </div>
                </div>
              </div>
            </div>
          </div>
        </div>
      </form>
    </div>
  </div>
</div>
`;

exports[`nothing should happen if input greater than balance 1`] = `
<div
  className="Slotmachine"
>
  <div
    className="ant-row"
    style={Object {}}
  >
    <div
      className="ant-col ant-col-12 ant-col-offset-6"
      style={Object {}}
    >
      <h1
        className="ant-typography"
        data-testid="slotmachine-h1"
        onClick={null}
        style={
          Object {
            "WebkitLineClamp": undefined,
          }
        }
      >
        Slotmachine
      </h1>
      <div
        className="pt-15"
        data-testid="balance"
      >
        <b>
          balance: 
           
        </b>
      </div>
      <form
        data-testid="bet-form"
        onSubmit={[Function]}
      >
        <div
          className="ant-space ant-space-horizontal ant-space-align-center"
          style={Object {}}
        >
          <div
            className="ant-space-item"
            style={
              Object {
                "marginRight": 8,
              }
            }
          >
            <label>
              min. bet amount 1 Credit
            </label>
          </div>
          <div
            className="ant-space-item"
            style={Object {}}
          >
            <input
              data-testid="bet-input"
              name="einsatz"
              type="number"
            />
          </div>
        </div>
        <div
          style={
            Object {
              "alignItems": "center",
              "textAlign": "center",
            }
          }
        >
          <h1
            className="animate__animated animate__bounce"
            style={
              Object {
                "fontSize": "100px",
                "letterSpacing": "1rem",
              }
            }
          >
            0
            0
            0
          </h1>
          <button
            className="ant-btn ant-btn-primary"
            onClick={[Function]}
            style={
              Object {
                "alignItems": "center",
              }
            }
            type="button"
          >
            <span>
              Spin
            </span>
          </button>
          <br />
          <div
            className="p-t10"
          >
            <div
              className="ant-space ant-space-vertical"
              style={Object {}}
            >
              <div
                className="ant-space-item"
                style={
                  Object {
                    "marginBottom": 8,
                  }
                }
              >
                <div
                  data-testid="msg"
                >
                  <p>
                    <b />
                  </p>
                </div>
              </div>
              <div
                className="ant-space-item"
                style={Object {}}
              >
                <div
                  className="ant-space ant-space-horizontal ant-space-align-center"
                  style={Object {}}
                >
                  <div
                    className="ant-space-item"
                    style={Object {}}
                  >
                    <div
                      className="ant-space ant-space-vertical"
                      style={Object {}}
                    >
                      <div
                        className="ant-space-item"
                        style={
                          Object {
                            "marginBottom": 8,
                          }
                        }
                      >
                        <label>
                          Anzahl an spins für den Autospin: 
                        </label>
                      </div>
                      <div
                        className="ant-space-item"
                        style={
                          Object {
                            "marginBottom": 8,
                          }
                        }
                      >
                        <input
                          name="anzahlSpins"
                          onChange={[Function]}
                          type="number"
                        />
                      </div>
                      <div
                        className="ant-space-item"
                        style={Object {}}
                      >
                        <button
                          className="ant-btn ant-btn-primary"
                          data-testid="play"
                          disabled={false}
                          onClick={[Function]}
                          type="submit"
                        >
                          <span>
                            Spin and go
                          </span>
                        </button>
                      </div>
                    </div>
                  </div>
                </div>
              </div>
            </div>
          </div>
        </div>
      </form>
    </div>
  </div>
</div>
`;

exports[`renders correctly 1`] = `
<div
  className="Slotmachine"
>
  <div
    className="ant-row"
    style={Object {}}
  >
    <div
      className="ant-col ant-col-12 ant-col-offset-6"
      style={Object {}}
    >
      <h1
        className="ant-typography"
        data-testid="slotmachine-h1"
        onClick={null}
        style={
          Object {
            "WebkitLineClamp": undefined,
          }
        }
      >
        Slotmachine
      </h1>
      <div
        className="pt-15"
        data-testid="balance"
      >
        <b>
          balance: 
           
        </b>
      </div>
      <form
        data-testid="bet-form"
        onSubmit={[Function]}
      >
        <div
          className="ant-space ant-space-horizontal ant-space-align-center"
          style={Object {}}
        >
          <div
            className="ant-space-item"
            style={
              Object {
                "marginRight": 8,
              }
            }
          >
            <label>
              min. bet amount 1 Credit
            </label>
          </div>
          <div
            className="ant-space-item"
            style={Object {}}
          >
            <input
              data-testid="bet-input"
              name="einsatz"
              type="number"
            />
          </div>
        </div>
        <div
          style={
            Object {
              "alignItems": "center",
              "textAlign": "center",
            }
          }
        >
          <h1
            className="animate__animated animate__bounce"
            style={
              Object {
                "fontSize": "100px",
                "letterSpacing": "1rem",
              }
            }
          >
            0
            0
            0
          </h1>
          <button
            className="ant-btn ant-btn-primary"
            onClick={[Function]}
            style={
              Object {
                "alignItems": "center",
              }
            }
            type="button"
          >
            <span>
              Spin
            </span>
          </button>
          <br />
          <div
            className="p-t10"
          >
            <div
              className="ant-space ant-space-vertical"
              style={Object {}}
            >
              <div
                className="ant-space-item"
                style={
                  Object {
                    "marginBottom": 8,
                  }
                }
              >
                <div
                  data-testid="msg"
                >
                  <p>
                    <b />
                  </p>
                </div>
              </div>
              <div
                className="ant-space-item"
                style={Object {}}
              >
                <div
                  className="ant-space ant-space-horizontal ant-space-align-center"
                  style={Object {}}
                >
                  <div
                    className="ant-space-item"
                    style={Object {}}
                  >
                    <div
                      className="ant-space ant-space-vertical"
                      style={Object {}}
                    >
                      <div
                        className="ant-space-item"
                        style={
                          Object {
                            "marginBottom": 8,
                          }
                        }
                      >
                        <label>
                          Anzahl an spins für den Autospin: 
                        </label>
                      </div>
                      <div
                        className="ant-space-item"
                        style={
                          Object {
                            "marginBottom": 8,
                          }
                        }
                      >
                        <input
                          name="anzahlSpins"
                          onChange={[Function]}
                          type="number"
                        />
                      </div>
                      <div
                        className="ant-space-item"
                        style={Object {}}
                      >
                        <button
                          className="ant-btn ant-btn-primary"
                          data-testid="play"
                          disabled={false}
                          onClick={[Function]}
                          type="submit"
                        >
                          <span>
                            Spin and go
                          </span>
                        </button>
                      </div>
                    </div>
                  </div>
                </div>
              </div>
            </div>
          </div>
        </div>
      </form>
    </div>
  </div>
</div>
`;
